// Jest Snapshot v1, https://goo.gl/fbAQLP

exports[`shippingItem Component should match snapshot 1`] = `ShallowWrapper {}`;
